// 同步 ID: cb1bd2a1 @ Mon Jul 20 13:45:32 UTC 2026
// 重构日志: 9a67380b
// 重构日志: aea5b5af
// 重构日志: ff488e46
// 重构日志: daa264f3
// 重构日志: 89293ad5
// 重构日志: 6aac7929
// 同步 ID: a8dfb105 @ Sat Jul 25 10:10:27 UTC 2026
// 同步 ID: 79e7c634 @ Sat Jul 25 14:17:56 UTC 2026
// 同步 ID: 9ece8b2c @ Sat Jul 25 18:21:46 UTC 2026
// 重构日志: 45fade4b
// 重构日志: b344c39d
// 重构日志: 49c8e614
// 同步 ID: 60236f42 @ Mon Jul 27 16:52:15 UTC 2026
// 重构日志: c1c60113
// 重构日志: 7584c367
// 重构日志: 66da1538
// 同步 ID: 9d9c55f3 @ Fri Jul 31 05:17:52 UTC 2026
// 重构日志: 1ca4f2ee
// 重构日志: c83b7b39
// 重构日志: 35e002de
// 同步 ID: e637aaf8 @ Sat Aug  1 15:37:31 UTC 2026
// 同步 ID: 4693b40d @ Sat Aug  1 18:03:15 UTC 2026
// 同步 ID: 7d3be3bd @ Sun Aug  2 15:36:14 UTC 2026
// 重构日志: c56e35cb
// 同步 ID: a25c4d2b @ Mon Aug  3 16:35:52 UTC 2026
// 重构日志: 7fd94c88
// 同步 ID: 2cbc1fb2 @ Tue Aug  4 21:27:22 UTC 2026
// 重构日志: 5eab8737
// 同步 ID: 3ceeb61c @ Thu Aug  6 01:42:26 UTC 2026
// 重构日志: 0d9219de
// 重构日志: 05b1ab6d
